Warning! `env_default` configuration option in section [platformio] is deprecated and will be removed in the next release! Please use `default_envs` instead
Warning! `src_filter` configuration option in section [env:uno] is deprecated and will be removed in the next release! Please use `build_src_filter` instead
Processing uno (platform: atmelavr; board: uno; framework: arduino; src_filter: +<*> -<main*.cpp>; lib_deps: Servo, Wire, https://github.com/adafruit/Adafruit_Sensor.git, https://github.com/adafruit/DHT-sensor-library.git, https://github.com/adafruit/Adafruit_BusIO.git, https://github.com/adafruit/Adafruit-GFX-Library.git, https://github.com/adafruit/Adafruit_SH110x.git, https://github.com/adafruit/Adafruit_AHTX0.git, https://github.com/xreef/PCF8574_library.git, https://github.com/sandeepmistry/arduino-LoRa.git, https://github.com/marcoschwartz/LiquidCrystal_I2C.git, https://github.com/bogde/HX711.git)
--------------------------------------------------------------------------------
CONFIGURATION: https://docs.platformio.org/page/boards/atmelavr/uno.html
PLATFORM: Atmel AVR (4.2.0) > Arduino Uno
HARDWARE: ATMEGA328P 16MHz, 2KB RAM, 31.50KB Flash
DEBUG: Current (avr-stub) External (avr-stub, simavr)
PACKAGES: 
 - framework-arduino-avr @ 5.1.0 
 - toolchain-atmelavr @ 1.70300.191015 (7.3.0)
LDF: Library Dependency Finder -> https://bit.ly/configure-pio-ldf
LDF Modes: Finder ~ chain, Compatibility ~ soft
Found 16 compatible libraries
Scanning dependencies...
Dependency Graph
|-- Servo @ 1.2.1 (License: Unknown, Path: D:\User\source\caktin_ws\clion-kadita\.pio\libdeps\uno\Servo)
|-- Wire @ 1.0 (License: Unknown, Path: C:\Users\Brainless\.platformio\packages\framework-arduino-avr\libraries\Wire)
|-- Adafruit Unified Sensor @ 1.1.13+sha.5d74db7 (License: Unknown, URI: git+https://github.com/adafruit/Adafruit_Sensor.git, Path: D:\User\source\caktin_ws\clion-kadita\.pio\libdeps\uno\Adafruit Unified Sensor)
|-- DHT sensor library @ 1.4.4+sha.be6915c (License: Unknown, URI: git+https://github.com/adafruit/DHT-sensor-library.git, Path: D:\User\source\caktin_ws\clion-kadita\.pio\libdeps\uno\DHT sensor library)
|   |-- Adafruit Unified Sensor @ 1.1.13+sha.5d74db7 (License: Unknown, URI: git+https://github.com/adafruit/Adafruit_Sensor.git, Path: D:\User\source\caktin_ws\clion-kadita\.pio\libdeps\uno\Adafruit Unified Sensor)
|-- Adafruit BusIO @ 1.14.5+sha.9ebca64 (License: Unknown, URI: git+https://github.com/adafruit/Adafruit_BusIO.git, Path: D:\User\source\caktin_ws\clion-kadita\.pio\libdeps\uno\Adafruit BusIO)
|   |-- Wire @ 1.0 (License: Unknown, Path: C:\Users\Brainless\.platformio\packages\framework-arduino-avr\libraries\Wire)
|   |-- SPI @ 1.0 (License: Unknown, Path: C:\Users\Brainless\.platformio\packages\framework-arduino-avr\libraries\SPI)
|-- Adafruit GFX Library @ 1.11.9+sha.126007f (License: Unknown, URI: git+https://github.com/adafruit/Adafruit-GFX-Library.git, Path: D:\User\source\caktin_ws\clion-kadita\.pio\libdeps\uno\Adafruit GFX Library)
|   |-- Adafruit BusIO @ 1.14.5+sha.9ebca64 (License: Unknown, URI: git+https://github.com/adafruit/Adafruit_BusIO.git, Path: D:\User\source\caktin_ws\clion-kadita\.pio\libdeps\uno\Adafruit BusIO)
|   |   |-- Wire @ 1.0 (License: Unknown, Path: C:\Users\Brainless\.platformio\packages\framework-arduino-avr\libraries\Wire)
|   |   |-- SPI @ 1.0 (License: Unknown, Path: C:\Users\Brainless\.platformio\packages\framework-arduino-avr\libraries\SPI)
|   |-- Wire @ 1.0 (License: Unknown, Path: C:\Users\Brainless\.platformio\packages\framework-arduino-avr\libraries\Wire)
|   |-- SPI @ 1.0 (License: Unknown, Path: C:\Users\Brainless\.platformio\packages\framework-arduino-avr\libraries\SPI)
|-- Adafruit SH110X @ 2.1.8+sha.55b87a1 (License: Unknown, URI: git+https://github.com/adafruit/Adafruit_SH110x.git, Path: D:\User\source\caktin_ws\clion-kadita\.pio\libdeps\uno\Adafruit SH110X)
|   |-- Adafruit GFX Library @ 1.11.9+sha.126007f (License: Unknown, URI: git+https://github.com/adafruit/Adafruit-GFX-Library.git, Path: D:\User\source\caktin_ws\clion-kadita\.pio\libdeps\uno\Adafruit GFX Library)
|   |   |-- Adafruit BusIO @ 1.14.5+sha.9ebca64 (License: Unknown, URI: git+https://github.com/adafruit/Adafruit_BusIO.git, Path: D:\User\source\caktin_ws\clion-kadita\.pio\libdeps\uno\Adafruit BusIO)
|   |   |   |-- Wire @ 1.0 (License: Unknown, Path: C:\Users\Brainless\.platformio\packages\framework-arduino-avr\libraries\Wire)
|   |   |   |-- SPI @ 1.0 (License: Unknown, Path: C:\Users\Brainless\.platformio\packages\framework-arduino-avr\libraries\SPI)
|   |   |-- Wire @ 1.0 (License: Unknown, Path: C:\Users\Brainless\.platformio\packages\framework-arduino-avr\libraries\Wire)
|   |   |-- SPI @ 1.0 (License: Unknown, Path: C:\Users\Brainless\.platformio\packages\framework-arduino-avr\libraries\SPI)
|   |-- Adafruit BusIO @ 1.14.5+sha.9ebca64 (License: Unknown, URI: git+https://github.com/adafruit/Adafruit_BusIO.git, Path: D:\User\source\caktin_ws\clion-kadita\.pio\libdeps\uno\Adafruit BusIO)
|   |   |-- Wire @ 1.0 (License: Unknown, Path: C:\Users\Brainless\.platformio\packages\framework-arduino-avr\libraries\Wire)
|   |   |-- SPI @ 1.0 (License: Unknown, Path: C:\Users\Brainless\.platformio\packages\framework-arduino-avr\libraries\SPI)
|   |-- Wire @ 1.0 (License: Unknown, Path: C:\Users\Brainless\.platformio\packages\framework-arduino-avr\libraries\Wire)
|   |-- SPI @ 1.0 (License: Unknown, Path: C:\Users\Brainless\.platformio\packages\framework-arduino-avr\libraries\SPI)
|-- Adafruit AHTX0 @ 2.0.5+sha.805eab7 (License: Unknown, URI: git+https://github.com/adafruit/Adafruit_AHTX0.git, Path: D:\User\source\caktin_ws\clion-kadita\.pio\libdeps\uno\Adafruit AHTX0)
|   |-- Adafruit BusIO @ 1.14.5+sha.9ebca64 (License: Unknown, URI: git+https://github.com/adafruit/Adafruit_BusIO.git, Path: D:\User\source\caktin_ws\clion-kadita\.pio\libdeps\uno\Adafruit BusIO)
|   |   |-- Wire @ 1.0 (License: Unknown, Path: C:\Users\Brainless\.platformio\packages\framework-arduino-avr\libraries\Wire)
|   |   |-- SPI @ 1.0 (License: Unknown, Path: C:\Users\Brainless\.platformio\packages\framework-arduino-avr\libraries\SPI)
|   |-- Wire @ 1.0 (License: Unknown, Path: C:\Users\Brainless\.platformio\packages\framework-arduino-avr\libraries\Wire)
|   |-- SPI @ 1.0 (License: Unknown, Path: C:\Users\Brainless\.platformio\packages\framework-arduino-avr\libraries\SPI)
|   |-- Adafruit Unified Sensor @ 1.1.13+sha.5d74db7 (License: Unknown, URI: git+https://github.com/adafruit/Adafruit_Sensor.git, Path: D:\User\source\caktin_ws\clion-kadita\.pio\libdeps\uno\Adafruit Unified Sensor)
|-- PCF8574 library @ 2.3.6+sha.dac17ed (License: MIT, URI: git+https://github.com/xreef/PCF8574_library.git, Path: D:\User\source\caktin_ws\clion-kadita\.pio\libdeps\uno\PCF8574 library)
|   |-- Wire @ 1.0 (License: Unknown, Path: C:\Users\Brainless\.platformio\packages\framework-arduino-avr\libraries\Wire)
|-- LoRa @ 0.8.0+sha.71d4c29 (License: Unknown, URI: git+https://github.com/sandeepmistry/arduino-LoRa.git, Path: D:\User\source\caktin_ws\clion-kadita\.pio\libdeps\uno\LoRa)
|   |-- SPI @ 1.0 (License: Unknown, Path: C:\Users\Brainless\.platformio\packages\framework-arduino-avr\libraries\SPI)
|-- LiquidCrystal_I2C @ 0.0.0+sha.738765e (License: Unknown, URI: git+https://github.com/marcoschwartz/LiquidCrystal_I2C.git, Path: D:\User\source\caktin_ws\clion-kadita\.pio\libdeps\uno\LiquidCrystal_I2C)
|   |-- Wire @ 1.0 (License: Unknown, Path: C:\Users\Brainless\.platformio\packages\framework-arduino-avr\libraries\Wire)
|-- HX711 @ 0.7.5+sha.be5e3d2 (License: Unknown, URI: git+https://github.com/bogde/HX711.git, Path: D:\User\source\caktin_ws\clion-kadita\.pio\libdeps\uno\HX711)
|-- SoftwareSerial @ 1.0 (License: Unknown, Path: C:\Users\Brainless\.platformio\packages\framework-arduino-avr\libraries\SoftwareSerial)
|-- SPI @ 1.0 (License: Unknown, Path: C:\Users\Brainless\.platformio\packages\framework-arduino-avr\libraries\SPI)
Building in release mode
avr-g++ -o .pio\build\uno\src\Kadita.cpp.o -c -fno-exceptions -fno-threadsafe-statics -fpermissive -std=gnu++11 -mmcu=atmega328p -Os -Wall -ffunction-sections -fdata-sections -flto -DPLATFORMIO=60111 -DARDUINO_AVR_UNO -DF_CPU=16000000L -DARDUINO_ARCH_AVR -DARDUINO=10808 -Iinclude -Isrc -IC:\Users\Brainless\.platformio\packages\framework-arduino-avr\libraries\SoftwareSerial\src -I.pio\libdeps\uno\HX711\src -I.pio\libdeps\uno\LiquidCrystal_I2C -I.pio\libdeps\uno\LoRa\src "-I.pio\libdeps\uno\PCF8574 library" "-I.pio\libdeps\uno\Adafruit AHTX0" "-I.pio\libdeps\uno\Adafruit SH110X" "-I.pio\libdeps\uno\Adafruit GFX Library" "-I.pio\libdeps\uno\Adafruit BusIO" -IC:\Users\Brainless\.platformio\packages\framework-arduino-avr\libraries\SPI\src "-I.pio\libdeps\uno\DHT sensor library" "-I.pio\libdeps\uno\Adafruit Unified Sensor" -IC:\Users\Brainless\.platformio\packages\framework-arduino-avr\libraries\Wire\src -I.pio\libdeps\uno\Servo\src -IC:\Users\Brainless\.platformio\packages\framework-arduino-avr\cores\arduino -IC:\Users\Brainless\.platformio\packages\framework-arduino-avr\variants\standard src\Kadita.cpp
avr-g++ -o .pio\build\uno\src\modules\communication\wired\i2c\i2c-scanner.cpp.o -c -fno-exceptions -fno-threadsafe-statics -fpermissive -std=gnu++11 -mmcu=atmega328p -Os -Wall -ffunction-sections -fdata-sections -flto -DPLATFORMIO=60111 -DARDUINO_AVR_UNO -DF_CPU=16000000L -DARDUINO_ARCH_AVR -DARDUINO=10808 -Iinclude -Isrc -IC:\Users\Brainless\.platformio\packages\framework-arduino-avr\libraries\SoftwareSerial\src -I.pio\libdeps\uno\HX711\src -I.pio\libdeps\uno\LiquidCrystal_I2C -I.pio\libdeps\uno\LoRa\src "-I.pio\libdeps\uno\PCF8574 library" "-I.pio\libdeps\uno\Adafruit AHTX0" "-I.pio\libdeps\uno\Adafruit SH110X" "-I.pio\libdeps\uno\Adafruit GFX Library" "-I.pio\libdeps\uno\Adafruit BusIO" -IC:\Users\Brainless\.platformio\packages\framework-arduino-avr\libraries\SPI\src "-I.pio\libdeps\uno\DHT sensor library" "-I.pio\libdeps\uno\Adafruit Unified Sensor" -IC:\Users\Brainless\.platformio\packages\framework-arduino-avr\libraries\Wire\src -I.pio\libdeps\uno\Servo\src -IC:\Users\Brainless\.platformio\packages\framework-arduino-avr\cores\arduino -IC:\Users\Brainless\.platformio\packages\framework-arduino-avr\variants\standard src\modules\communication\wired\i2c\i2c-scanner.cpp
avr-g++ -o .pio\build\uno\src\modules\communication\wired\i2c\io-expander.cpp.o -c -fno-exceptions -fno-threadsafe-statics -fpermissive -std=gnu++11 -mmcu=atmega328p -Os -Wall -ffunction-sections -fdata-sections -flto -DPLATFORMIO=60111 -DARDUINO_AVR_UNO -DF_CPU=16000000L -DARDUINO_ARCH_AVR -DARDUINO=10808 -Iinclude -Isrc -IC:\Users\Brainless\.platformio\packages\framework-arduino-avr\libraries\SoftwareSerial\src -I.pio\libdeps\uno\HX711\src -I.pio\libdeps\uno\LiquidCrystal_I2C -I.pio\libdeps\uno\LoRa\src "-I.pio\libdeps\uno\PCF8574 library" "-I.pio\libdeps\uno\Adafruit AHTX0" "-I.pio\libdeps\uno\Adafruit SH110X" "-I.pio\libdeps\uno\Adafruit GFX Library" "-I.pio\libdeps\uno\Adafruit BusIO" -IC:\Users\Brainless\.platformio\packages\framework-arduino-avr\libraries\SPI\src "-I.pio\libdeps\uno\DHT sensor library" "-I.pio\libdeps\uno\Adafruit Unified Sensor" -IC:\Users\Brainless\.platformio\packages\framework-arduino-avr\libraries\Wire\src -I.pio\libdeps\uno\Servo\src -IC:\Users\Brainless\.platformio\packages\framework-arduino-avr\cores\arduino -IC:\Users\Brainless\.platformio\packages\framework-arduino-avr\variants\standard src\modules\communication\wired\i2c\io-expander.cpp
avr-g++ -o .pio\build\uno\src\modules\communication\wired\serial\hard-serial.cpp.o -c -fno-exceptions -fno-threadsafe-statics -fpermissive -std=gnu++11 -mmcu=atmega328p -Os -Wall -ffunction-sections -fdata-sections -flto -DPLATFORMIO=60111 -DARDUINO_AVR_UNO -DF_CPU=16000000L -DARDUINO_ARCH_AVR -DARDUINO=10808 -Iinclude -Isrc -IC:\Users\Brainless\.platformio\packages\framework-arduino-avr\libraries\SoftwareSerial\src -I.pio\libdeps\uno\HX711\src -I.pio\libdeps\uno\LiquidCrystal_I2C -I.pio\libdeps\uno\LoRa\src "-I.pio\libdeps\uno\PCF8574 library" "-I.pio\libdeps\uno\Adafruit AHTX0" "-I.pio\libdeps\uno\Adafruit SH110X" "-I.pio\libdeps\uno\Adafruit GFX Library" "-I.pio\libdeps\uno\Adafruit BusIO" -IC:\Users\Brainless\.platformio\packages\framework-arduino-avr\libraries\SPI\src "-I.pio\libdeps\uno\DHT sensor library" "-I.pio\libdeps\uno\Adafruit Unified Sensor" -IC:\Users\Brainless\.platformio\packages\framework-arduino-avr\libraries\Wire\src -I.pio\libdeps\uno\Servo\src -IC:\Users\Brainless\.platformio\packages\framework-arduino-avr\cores\arduino -IC:\Users\Brainless\.platformio\packages\framework-arduino-avr\variants\standard src\modules\communication\wired\serial\hard-serial.cpp
avr-g++ -o .pio\build\uno\src\modules\communication\wired\serial\soft-serial.cpp.o -c -fno-exceptions -fno-threadsafe-statics -fpermissive -std=gnu++11 -mmcu=atmega328p -Os -Wall -ffunction-sections -fdata-sections -flto -DPLATFORMIO=60111 -DARDUINO_AVR_UNO -DF_CPU=16000000L -DARDUINO_ARCH_AVR -DARDUINO=10808 -Iinclude -Isrc -IC:\Users\Brainless\.platformio\packages\framework-arduino-avr\libraries\SoftwareSerial\src -I.pio\libdeps\uno\HX711\src -I.pio\libdeps\uno\LiquidCrystal_I2C -I.pio\libdeps\uno\LoRa\src "-I.pio\libdeps\uno\PCF8574 library" "-I.pio\libdeps\uno\Adafruit AHTX0" "-I.pio\libdeps\uno\Adafruit SH110X" "-I.pio\libdeps\uno\Adafruit GFX Library" "-I.pio\libdeps\uno\Adafruit BusIO" -IC:\Users\Brainless\.platformio\packages\framework-arduino-avr\libraries\SPI\src "-I.pio\libdeps\uno\DHT sensor library" "-I.pio\libdeps\uno\Adafruit Unified Sensor" -IC:\Users\Brainless\.platformio\packages\framework-arduino-avr\libraries\Wire\src -I.pio\libdeps\uno\Servo\src -IC:\Users\Brainless\.platformio\packages\framework-arduino-avr\cores\arduino -IC:\Users\Brainless\.platformio\packages\framework-arduino-avr\variants\standard src\modules\communication\wired\serial\soft-serial.cpp
avr-g++ -o .pio\build\uno\src\modules\communication\wireless\lora\lora-com.cpp.o -c -fno-exceptions -fno-threadsafe-statics -fpermissive -std=gnu++11 -mmcu=atmega328p -Os -Wall -ffunction-sections -fdata-sections -flto -DPLATFORMIO=60111 -DARDUINO_AVR_UNO -DF_CPU=16000000L -DARDUINO_ARCH_AVR -DARDUINO=10808 -Iinclude -Isrc -IC:\Users\Brainless\.platformio\packages\framework-arduino-avr\libraries\SoftwareSerial\src -I.pio\libdeps\uno\HX711\src -I.pio\libdeps\uno\LiquidCrystal_I2C -I.pio\libdeps\uno\LoRa\src "-I.pio\libdeps\uno\PCF8574 library" "-I.pio\libdeps\uno\Adafruit AHTX0" "-I.pio\libdeps\uno\Adafruit SH110X" "-I.pio\libdeps\uno\Adafruit GFX Library" "-I.pio\libdeps\uno\Adafruit BusIO" -IC:\Users\Brainless\.platformio\packages\framework-arduino-avr\libraries\SPI\src "-I.pio\libdeps\uno\DHT sensor library" "-I.pio\libdeps\uno\Adafruit Unified Sensor" -IC:\Users\Brainless\.platformio\packages\framework-arduino-avr\libraries\Wire\src -I.pio\libdeps\uno\Servo\src -IC:\Users\Brainless\.platformio\packages\framework-arduino-avr\cores\arduino -IC:\Users\Brainless\.platformio\packages\framework-arduino-avr\variants\standard src\modules\communication\wireless\lora\lora-com.cpp
avr-g++ -o .pio\build\uno\src\modules\driver\bts7960\bts7960.cpp.o -c -fno-exceptions -fno-threadsafe-statics -fpermissive -std=gnu++11 -mmcu=atmega328p -Os -Wall -ffunction-sections -fdata-sections -flto -DPLATFORMIO=60111 -DARDUINO_AVR_UNO -DF_CPU=16000000L -DARDUINO_ARCH_AVR -DARDUINO=10808 -Iinclude -Isrc -IC:\Users\Brainless\.platformio\packages\framework-arduino-avr\libraries\SoftwareSerial\src -I.pio\libdeps\uno\HX711\src -I.pio\libdeps\uno\LiquidCrystal_I2C -I.pio\libdeps\uno\LoRa\src "-I.pio\libdeps\uno\PCF8574 library" "-I.pio\libdeps\uno\Adafruit AHTX0" "-I.pio\libdeps\uno\Adafruit SH110X" "-I.pio\libdeps\uno\Adafruit GFX Library" "-I.pio\libdeps\uno\Adafruit BusIO" -IC:\Users\Brainless\.platformio\packages\framework-arduino-avr\libraries\SPI\src "-I.pio\libdeps\uno\DHT sensor library" "-I.pio\libdeps\uno\Adafruit Unified Sensor" -IC:\Users\Brainless\.platformio\packages\framework-arduino-avr\libraries\Wire\src -I.pio\libdeps\uno\Servo\src -IC:\Users\Brainless\.platformio\packages\framework-arduino-avr\cores\arduino -IC:\Users\Brainless\.platformio\packages\framework-arduino-avr\variants\standard src\modules\driver\bts7960\bts7960.cpp
avr-g++ -o .pio\build\uno\src\modules\io\input-module.cpp.o -c -fno-exceptions -fno-threadsafe-statics -fpermissive -std=gnu++11 -mmcu=atmega328p -Os -Wall -ffunction-sections -fdata-sections -flto -DPLATFORMIO=60111 -DARDUINO_AVR_UNO -DF_CPU=16000000L -DARDUINO_ARCH_AVR -DARDUINO=10808 -Iinclude -Isrc -IC:\Users\Brainless\.platformio\packages\framework-arduino-avr\libraries\SoftwareSerial\src -I.pio\libdeps\uno\HX711\src -I.pio\libdeps\uno\LiquidCrystal_I2C -I.pio\libdeps\uno\LoRa\src "-I.pio\libdeps\uno\PCF8574 library" "-I.pio\libdeps\uno\Adafruit AHTX0" "-I.pio\libdeps\uno\Adafruit SH110X" "-I.pio\libdeps\uno\Adafruit GFX Library" "-I.pio\libdeps\uno\Adafruit BusIO" -IC:\Users\Brainless\.platformio\packages\framework-arduino-avr\libraries\SPI\src "-I.pio\libdeps\uno\DHT sensor library" "-I.pio\libdeps\uno\Adafruit Unified Sensor" -IC:\Users\Brainless\.platformio\packages\framework-arduino-avr\libraries\Wire\src -I.pio\libdeps\uno\Servo\src -IC:\Users\Brainless\.platformio\packages\framework-arduino-avr\cores\arduino -IC:\Users\Brainless\.platformio\packages\framework-arduino-avr\variants\standard src\modules\io\input-module.cpp
avr-g++ -o .pio\build\uno\src\modules\io\output-module.cpp.o -c -fno-exceptions -fno-threadsafe-statics -fpermissive -std=gnu++11 -mmcu=atmega328p -Os -Wall -ffunction-sections -fdata-sections -flto -DPLATFORMIO=60111 -DARDUINO_AVR_UNO -DF_CPU=16000000L -DARDUINO_ARCH_AVR -DARDUINO=10808 -Iinclude -Isrc -IC:\Users\Brainless\.platformio\packages\framework-arduino-avr\libraries\SoftwareSerial\src -I.pio\libdeps\uno\HX711\src -I.pio\libdeps\uno\LiquidCrystal_I2C -I.pio\libdeps\uno\LoRa\src "-I.pio\libdeps\uno\PCF8574 library" "-I.pio\libdeps\uno\Adafruit AHTX0" "-I.pio\libdeps\uno\Adafruit SH110X" "-I.pio\libdeps\uno\Adafruit GFX Library" "-I.pio\libdeps\uno\Adafruit BusIO" -IC:\Users\Brainless\.platformio\packages\framework-arduino-avr\libraries\SPI\src "-I.pio\libdeps\uno\DHT sensor library" "-I.pio\libdeps\uno\Adafruit Unified Sensor" -IC:\Users\Brainless\.platformio\packages\framework-arduino-avr\libraries\Wire\src -I.pio\libdeps\uno\Servo\src -IC:\Users\Brainless\.platformio\packages\framework-arduino-avr\cores\arduino -IC:\Users\Brainless\.platformio\packages\framework-arduino-avr\variants\standard src\modules\io\output-module.cpp
avr-g++ -o .pio\build\uno\src\modules\time\timer-duration.cpp.o -c -fno-exceptions -fno-threadsafe-statics -fpermissive -std=gnu++11 -mmcu=atmega328p -Os -Wall -ffunction-sections -fdata-sections -flto -DPLATFORMIO=60111 -DARDUINO_AVR_UNO -DF_CPU=16000000L -DARDUINO_ARCH_AVR -DARDUINO=10808 -Iinclude -Isrc -IC:\Users\Brainless\.platformio\packages\framework-arduino-avr\libraries\SoftwareSerial\src -I.pio\libdeps\uno\HX711\src -I.pio\libdeps\uno\LiquidCrystal_I2C -I.pio\libdeps\uno\LoRa\src "-I.pio\libdeps\uno\PCF8574 library" "-I.pio\libdeps\uno\Adafruit AHTX0" "-I.pio\libdeps\uno\Adafruit SH110X" "-I.pio\libdeps\uno\Adafruit GFX Library" "-I.pio\libdeps\uno\Adafruit BusIO" -IC:\Users\Brainless\.platformio\packages\framework-arduino-avr\libraries\SPI\src "-I.pio\libdeps\uno\DHT sensor library" "-I.pio\libdeps\uno\Adafruit Unified Sensor" -IC:\Users\Brainless\.platformio\packages\framework-arduino-avr\libraries\Wire\src -I.pio\libdeps\uno\Servo\src -IC:\Users\Brainless\.platformio\packages\framework-arduino-avr\cores\arduino -IC:\Users\Brainless\.platformio\packages\framework-arduino-avr\variants\standard src\modules\time\timer-duration.cpp
avr-g++ -o .pio\build\uno\src\modules\time\timer-task.cpp.o -c -fno-exceptions -fno-threadsafe-statics -fpermissive -std=gnu++11 -mmcu=atmega328p -Os -Wall -ffunction-sections -fdata-sections -flto -DPLATFORMIO=60111 -DARDUINO_AVR_UNO -DF_CPU=16000000L -DARDUINO_ARCH_AVR -DARDUINO=10808 -Iinclude -Isrc -IC:\Users\Brainless\.platformio\packages\framework-arduino-avr\libraries\SoftwareSerial\src -I.pio\libdeps\uno\HX711\src -I.pio\libdeps\uno\LiquidCrystal_I2C -I.pio\libdeps\uno\LoRa\src "-I.pio\libdeps\uno\PCF8574 library" "-I.pio\libdeps\uno\Adafruit AHTX0" "-I.pio\libdeps\uno\Adafruit SH110X" "-I.pio\libdeps\uno\Adafruit GFX Library" "-I.pio\libdeps\uno\Adafruit BusIO" -IC:\Users\Brainless\.platformio\packages\framework-arduino-avr\libraries\SPI\src "-I.pio\libdeps\uno\DHT sensor library" "-I.pio\libdeps\uno\Adafruit Unified Sensor" -IC:\Users\Brainless\.platformio\packages\framework-arduino-avr\libraries\Wire\src -I.pio\libdeps\uno\Servo\src -IC:\Users\Brainless\.platformio\packages\framework-arduino-avr\cores\arduino -IC:\Users\Brainless\.platformio\packages\framework-arduino-avr\variants\standard src\modules\time\timer-task.cpp
avr-g++ -o .pio\build\uno\src\sensors\abstract-sens.cpp.o -c -fno-exceptions -fno-threadsafe-statics -fpermissive -std=gnu++11 -mmcu=atmega328p -Os -Wall -ffunction-sections -fdata-sections -flto -DPLATFORMIO=60111 -DARDUINO_AVR_UNO -DF_CPU=16000000L -DARDUINO_ARCH_AVR -DARDUINO=10808 -Iinclude -Isrc -IC:\Users\Brainless\.platformio\packages\framework-arduino-avr\libraries\SoftwareSerial\src -I.pio\libdeps\uno\HX711\src -I.pio\libdeps\uno\LiquidCrystal_I2C -I.pio\libdeps\uno\LoRa\src "-I.pio\libdeps\uno\PCF8574 library" "-I.pio\libdeps\uno\Adafruit AHTX0" "-I.pio\libdeps\uno\Adafruit SH110X" "-I.pio\libdeps\uno\Adafruit GFX Library" "-I.pio\libdeps\uno\Adafruit BusIO" -IC:\Users\Brainless\.platformio\packages\framework-arduino-avr\libraries\SPI\src "-I.pio\libdeps\uno\DHT sensor library" "-I.pio\libdeps\uno\Adafruit Unified Sensor" -IC:\Users\Brainless\.platformio\packages\framework-arduino-avr\libraries\Wire\src -I.pio\libdeps\uno\Servo\src -IC:\Users\Brainless\.platformio\packages\framework-arduino-avr\cores\arduino -IC:\Users\Brainless\.platformio\packages\framework-arduino-avr\variants\standard src\sensors\abstract-sens.cpp
pio : src\modules\communication\wired\serial\hard-serial.cpp: In member function 'float 
HardSerial::getData(String, uint8_t)':
At line:1 char:1
+ pio run -v > compile.log 2>&1
+ ~~~~~~~~~~~~~~~~~~~~~~~~~~~~~
    + CategoryInfo          : NotSpecified: (src\modules\com...ing, uint8_t)'::String) [], RemoteExceptio 
   n
    + FullyQualifiedErrorId : NativeCommandError
 
src\modules\communication\wired\serial\hard-serial.cpp:50:37: warning: ISO C++ forbids converting a 
string constant to 'char*' [-Wwrite-strings]
     return parseStr(data, ";", index).toFloat();
                                     ^
src\modules\communication\wired\serial\hard-serial.cpp: In member function 'String 
HardSerial::getStrData(String, uint8_t)':
src\modules\communication\wired\serial\hard-serial.cpp:54:37: warning: ISO C++ forbids converting a 
string constant to 'char*' [-Wwrite-strings]
     return parseStr(data, ";", index);
                                     ^
src\modules\communication\wired\serial\soft-serial.cpp: In member function 'float 
SoftSerial::getData(String, uint8_t)':
src\modules\communication\wired\serial\soft-serial.cpp:56:37: warning: ISO C++ forbids converting a 
string constant to 'char*' [-Wwrite-strings]
     return parseStr(data, ";", index).toFloat();
                                     ^
src\modules\communication\wired\serial\soft-serial.cpp: In member function 'String 
SoftSerial::getStrData(String, uint8_t)':
src\modules\communication\wired\serial\soft-serial.cpp:60:37: warning: ISO C++ forbids converting a 
string constant to 'char*' [-Wwrite-strings]
     return parseStr(data, ";", index);
                                     ^
src\modules\communication\wireless\lora\lora-com.cpp: In member function 'float 
LoRaModule::getData(String, uint8_t)':
src\modules\communication\wireless\lora\lora-com.cpp:53:37: warning: ISO C++ forbids converting a string 
constant to 'char*' [-Wwrite-strings]
     return parseStr(data, ";", index).toFloat();
                                     ^
src\modules\communication\wireless\lora\lora-com.cpp: In member function 'String 
LoRaModule::getStrData(String, uint8_t)':
src\modules\communication\wireless\lora\lora-com.cpp:57:37: warning: ISO C++ forbids converting a string 
constant to 'char*' [-Wwrite-strings]
     return parseStr(data, ";", index);
                                     ^
avr-g++ -o .pio\build\uno\src\sensors\addons\sensor-debug.cpp.o -c -fno-exceptions -fno-threadsafe-statics -fpermissive -std=gnu++11 -mmcu=atmega328p -Os -Wall -ffunction-sections -fdata-sections -flto -DPLATFORMIO=60111 -DARDUINO_AVR_UNO -DF_CPU=16000000L -DARDUINO_ARCH_AVR -DARDUINO=10808 -Iinclude -Isrc -IC:\Users\Brainless\.platformio\packages\framework-arduino-avr\libraries\SoftwareSerial\src -I.pio\libdeps\uno\HX711\src -I.pio\libdeps\uno\LiquidCrystal_I2C -I.pio\libdeps\uno\LoRa\src "-I.pio\libdeps\uno\PCF8574 library" "-I.pio\libdeps\uno\Adafruit AHTX0" "-I.pio\libdeps\uno\Adafruit SH110X" "-I.pio\libdeps\uno\Adafruit GFX Library" "-I.pio\libdeps\uno\Adafruit BusIO" -IC:\Users\Brainless\.platformio\packages\framework-arduino-avr\libraries\SPI\src "-I.pio\libdeps\uno\DHT sensor library" "-I.pio\libdeps\uno\Adafruit Unified Sensor" -IC:\Users\Brainless\.platformio\packages\framework-arduino-avr\libraries\Wire\src -I.pio\libdeps\uno\Servo\src -IC:\Users\Brainless\.platformio\packages\framework-arduino-avr\cores\arduino -IC:\Users\Brainless\.platformio\packages\framework-arduino-avr\variants\standard src\sensors\addons\sensor-debug.cpp
avr-g++ -o .pio\build\uno\src\sensors\addons\sensor-filter.cpp.o -c -fno-exceptions -fno-threadsafe-statics -fpermissive -std=gnu++11 -mmcu=atmega328p -Os -Wall -ffunction-sections -fdata-sections -flto -DPLATFORMIO=60111 -DARDUINO_AVR_UNO -DF_CPU=16000000L -DARDUINO_ARCH_AVR -DARDUINO=10808 -Iinclude -Isrc -IC:\Users\Brainless\.platformio\packages\framework-arduino-avr\libraries\SoftwareSerial\src -I.pio\libdeps\uno\HX711\src -I.pio\libdeps\uno\LiquidCrystal_I2C -I.pio\libdeps\uno\LoRa\src "-I.pio\libdeps\uno\PCF8574 library" "-I.pio\libdeps\uno\Adafruit AHTX0" "-I.pio\libdeps\uno\Adafruit SH110X" "-I.pio\libdeps\uno\Adafruit GFX Library" "-I.pio\libdeps\uno\Adafruit BusIO" -IC:\Users\Brainless\.platformio\packages\framework-arduino-avr\libraries\SPI\src "-I.pio\libdeps\uno\DHT sensor library" "-I.pio\libdeps\uno\Adafruit Unified Sensor" -IC:\Users\Brainless\.platformio\packages\framework-arduino-avr\libraries\Wire\src -I.pio\libdeps\uno\Servo\src -IC:\Users\Brainless\.platformio\packages\framework-arduino-avr\cores\arduino -IC:\Users\Brainless\.platformio\packages\framework-arduino-avr\variants\standard src\sensors\addons\sensor-filter.cpp
avr-g++ -o .pio\build\uno\src\sensors\aht-sens.cpp.o -c -fno-exceptions -fno-threadsafe-statics -fpermissive -std=gnu++11 -mmcu=atmega328p -Os -Wall -ffunction-sections -fdata-sections -flto -DPLATFORMIO=60111 -DARDUINO_AVR_UNO -DF_CPU=16000000L -DARDUINO_ARCH_AVR -DARDUINO=10808 -Iinclude -Isrc -IC:\Users\Brainless\.platformio\packages\framework-arduino-avr\libraries\SoftwareSerial\src -I.pio\libdeps\uno\HX711\src -I.pio\libdeps\uno\LiquidCrystal_I2C -I.pio\libdeps\uno\LoRa\src "-I.pio\libdeps\uno\PCF8574 library" "-I.pio\libdeps\uno\Adafruit AHTX0" "-I.pio\libdeps\uno\Adafruit SH110X" "-I.pio\libdeps\uno\Adafruit GFX Library" "-I.pio\libdeps\uno\Adafruit BusIO" -IC:\Users\Brainless\.platformio\packages\framework-arduino-avr\libraries\SPI\src "-I.pio\libdeps\uno\DHT sensor library" "-I.pio\libdeps\uno\Adafruit Unified Sensor" -IC:\Users\Brainless\.platformio\packages\framework-arduino-avr\libraries\Wire\src -I.pio\libdeps\uno\Servo\src -IC:\Users\Brainless\.platformio\packages\framework-arduino-avr\cores\arduino -IC:\Users\Brainless\.platformio\packages\framework-arduino-avr\variants\standard src\sensors\aht-sens.cpp
avr-g++ -o .pio\build\uno\src\sensors\base\sensor-module.cpp.o -c -fno-exceptions -fno-threadsafe-statics -fpermissive -std=gnu++11 -mmcu=atmega328p -Os -Wall -ffunction-sections -fdata-sections -flto -DPLATFORMIO=60111 -DARDUINO_AVR_UNO -DF_CPU=16000000L -DARDUINO_ARCH_AVR -DARDUINO=10808 -Iinclude -Isrc -IC:\Users\Brainless\.platformio\packages\framework-arduino-avr\libraries\SoftwareSerial\src -I.pio\libdeps\uno\HX711\src -I.pio\libdeps\uno\LiquidCrystal_I2C -I.pio\libdeps\uno\LoRa\src "-I.pio\libdeps\uno\PCF8574 library" "-I.pio\libdeps\uno\Adafruit AHTX0" "-I.pio\libdeps\uno\Adafruit SH110X" "-I.pio\libdeps\uno\Adafruit GFX Library" "-I.pio\libdeps\uno\Adafruit BusIO" -IC:\Users\Brainless\.platformio\packages\framework-arduino-avr\libraries\SPI\src "-I.pio\libdeps\uno\DHT sensor library" "-I.pio\libdeps\uno\Adafruit Unified Sensor" -IC:\Users\Brainless\.platformio\packages\framework-arduino-avr\libraries\Wire\src -I.pio\libdeps\uno\Servo\src -IC:\Users\Brainless\.platformio\packages\framework-arduino-avr\cores\arduino -IC:\Users\Brainless\.platformio\packages\framework-arduino-avr\variants\standard src\sensors\base\sensor-module.cpp
avr-g++ -o .pio\build\uno\src\sensors\dht-sens.cpp.o -c -fno-exceptions -fno-threadsafe-statics -fpermissive -std=gnu++11 -mmcu=atmega328p -Os -Wall -ffunction-sections -fdata-sections -flto -DPLATFORMIO=60111 -DARDUINO_AVR_UNO -DF_CPU=16000000L -DARDUINO_ARCH_AVR -DARDUINO=10808 -Iinclude -Isrc -IC:\Users\Brainless\.platformio\packages\framework-arduino-avr\libraries\SoftwareSerial\src -I.pio\libdeps\uno\HX711\src -I.pio\libdeps\uno\LiquidCrystal_I2C -I.pio\libdeps\uno\LoRa\src "-I.pio\libdeps\uno\PCF8574 library" "-I.pio\libdeps\uno\Adafruit AHTX0" "-I.pio\libdeps\uno\Adafruit SH110X" "-I.pio\libdeps\uno\Adafruit GFX Library" "-I.pio\libdeps\uno\Adafruit BusIO" -IC:\Users\Brainless\.platformio\packages\framework-arduino-avr\libraries\SPI\src "-I.pio\libdeps\uno\DHT sensor library" "-I.pio\libdeps\uno\Adafruit Unified Sensor" -IC:\Users\Brainless\.platformio\packages\framework-arduino-avr\libraries\Wire\src -I.pio\libdeps\uno\Servo\src -IC:\Users\Brainless\.platformio\packages\framework-arduino-avr\cores\arduino -IC:\Users\Brainless\.platformio\packages\framework-arduino-avr\variants\standard src\sensors\dht-sens.cpp
avr-g++ -o .pio\build\uno\src\sensors\hx711-sens.cpp.o -c -fno-exceptions -fno-threadsafe-statics -fpermissive -std=gnu++11 -mmcu=atmega328p -Os -Wall -ffunction-sections -fdata-sections -flto -DPLATFORMIO=60111 -DARDUINO_AVR_UNO -DF_CPU=16000000L -DARDUINO_ARCH_AVR -DARDUINO=10808 -Iinclude -Isrc -IC:\Users\Brainless\.platformio\packages\framework-arduino-avr\libraries\SoftwareSerial\src -I.pio\libdeps\uno\HX711\src -I.pio\libdeps\uno\LiquidCrystal_I2C -I.pio\libdeps\uno\LoRa\src "-I.pio\libdeps\uno\PCF8574 library" "-I.pio\libdeps\uno\Adafruit AHTX0" "-I.pio\libdeps\uno\Adafruit SH110X" "-I.pio\libdeps\uno\Adafruit GFX Library" "-I.pio\libdeps\uno\Adafruit BusIO" -IC:\Users\Brainless\.platformio\packages\framework-arduino-avr\libraries\SPI\src "-I.pio\libdeps\uno\DHT sensor library" "-I.pio\libdeps\uno\Adafruit Unified Sensor" -IC:\Users\Brainless\.platformio\packages\framework-arduino-avr\libraries\Wire\src -I.pio\libdeps\uno\Servo\src -IC:\Users\Brainless\.platformio\packages\framework-arduino-avr\cores\arduino -IC:\Users\Brainless\.platformio\packages\framework-arduino-avr\variants\standard src\sensors\hx711-sens.cpp
avr-g++ -o .pio\build\uno\src\sensors\ldr-sens.cpp.o -c -fno-exceptions -fno-threadsafe-statics -fpermissive -std=gnu++11 -mmcu=atmega328p -Os -Wall -ffunction-sections -fdata-sections -flto -DPLATFORMIO=60111 -DARDUINO_AVR_UNO -DF_CPU=16000000L -DARDUINO_ARCH_AVR -DARDUINO=10808 -Iinclude -Isrc -IC:\Users\Brainless\.platformio\packages\framework-arduino-avr\libraries\SoftwareSerial\src -I.pio\libdeps\uno\HX711\src -I.pio\libdeps\uno\LiquidCrystal_I2C -I.pio\libdeps\uno\LoRa\src "-I.pio\libdeps\uno\PCF8574 library" "-I.pio\libdeps\uno\Adafruit AHTX0" "-I.pio\libdeps\uno\Adafruit SH110X" "-I.pio\libdeps\uno\Adafruit GFX Library" "-I.pio\libdeps\uno\Adafruit BusIO" -IC:\Users\Brainless\.platformio\packages\framework-arduino-avr\libraries\SPI\src "-I.pio\libdeps\uno\DHT sensor library" "-I.pio\libdeps\uno\Adafruit Unified Sensor" -IC:\Users\Brainless\.platformio\packages\framework-arduino-avr\libraries\Wire\src -I.pio\libdeps\uno\Servo\src -IC:\Users\Brainless\.platformio\packages\framework-arduino-avr\cores\arduino -IC:\Users\Brainless\.platformio\packages\framework-arduino-avr\variants\standard src\sensors\ldr-sens.cpp
src\sensors\addons\sensor-debug.cpp: In constructor 'SensorDebug::SensorDebug()':
src\sensors\addons\sensor-debug.cpp:13:101: warning: ISO C++ forbids converting a string constant to 
'char*' [-Wwrite-strings]
         : label("LABEL"), data("DATA"), separator(","), labelCount(0), dataCount(0), send2Sheet(true) {
                                                                                                     ^
avr-g++ -o .pio\build\uno\lib43c\Servo\avr\Servo.cpp.o -c -fno-exceptions -fno-threadsafe-statics -fpermissive -std=gnu++11 -mmcu=atmega328p -Os -Wall -ffunction-sections -fdata-sections -flto -DPLATFORMIO=60111 -DARDUINO_AVR_UNO -DF_CPU=16000000L -DARDUINO_ARCH_AVR -DARDUINO=10808 -I.pio\libdeps\uno\Servo\src -IC:\Users\Brainless\.platformio\packages\framework-arduino-avr\cores\arduino -IC:\Users\Brainless\.platformio\packages\framework-arduino-avr\variants\standard .pio\libdeps\uno\Servo\src\avr\Servo.cpp
avr-g++ -o .pio\build\uno\lib43c\Servo\mbed\Servo.cpp.o -c -fno-exceptions -fno-threadsafe-statics -fpermissive -std=gnu++11 -mmcu=atmega328p -Os -Wall -ffunction-sections -fdata-sections -flto -DPLATFORMIO=60111 -DARDUINO_AVR_UNO -DF_CPU=16000000L -DARDUINO_ARCH_AVR -DARDUINO=10808 -I.pio\libdeps\uno\Servo\src -IC:\Users\Brainless\.platformio\packages\framework-arduino-avr\cores\arduino -IC:\Users\Brainless\.platformio\packages\framework-arduino-avr\variants\standard .pio\libdeps\uno\Servo\src\mbed\Servo.cpp
avr-g++ -o .pio\build\uno\lib43c\Servo\megaavr\Servo.cpp.o -c -fno-exceptions -fno-threadsafe-statics -fpermissive -std=gnu++11 -mmcu=atmega328p -Os -Wall -ffunction-sections -fdata-sections -flto -DPLATFORMIO=60111 -DARDUINO_AVR_UNO -DF_CPU=16000000L -DARDUINO_ARCH_AVR -DARDUINO=10808 -I.pio\libdeps\uno\Servo\src -IC:\Users\Brainless\.platformio\packages\framework-arduino-avr\cores\arduino -IC:\Users\Brainless\.platformio\packages\framework-arduino-avr\variants\standard .pio\libdeps\uno\Servo\src\megaavr\Servo.cpp
avr-g++ -o .pio\build\uno\lib43c\Servo\nrf52\Servo.cpp.o -c -fno-exceptions -fno-threadsafe-statics -fpermissive -std=gnu++11 -mmcu=atmega328p -Os -Wall -ffunction-sections -fdata-sections -flto -DPLATFORMIO=60111 -DARDUINO_AVR_UNO -DF_CPU=16000000L -DARDUINO_ARCH_AVR -DARDUINO=10808 -I.pio\libdeps\uno\Servo\src -IC:\Users\Brainless\.platformio\packages\framework-arduino-avr\cores\arduino -IC:\Users\Brainless\.platformio\packages\framework-arduino-avr\variants\standard .pio\libdeps\uno\Servo\src\nrf52\Servo.cpp
avr-g++ -o .pio\build\uno\lib43c\Servo\renesas\Servo.cpp.o -c -fno-exceptions -fno-threadsafe-statics -fpermissive -std=gnu++11 -mmcu=atmega328p -Os -Wall -ffunction-sections -fdata-sections -flto -DPLATFORMIO=60111 -DARDUINO_AVR_UNO -DF_CPU=16000000L -DARDUINO_ARCH_AVR -DARDUINO=10808 -I.pio\libdeps\uno\Servo\src -IC:\Users\Brainless\.platformio\packages\framework-arduino-avr\cores\arduino -IC:\Users\Brainless\.platformio\packages\framework-arduino-avr\variants\standard .pio\libdeps\uno\Servo\src\renesas\Servo.cpp
src\sensors\base\sensor-module.cpp: In member function 'void SensorModule::removeModule(uint8_t)':
src\sensors\base\sensor-module.cpp:72:22: warning: deleting object of abstract class type 'BaseSens' 
which has non-virtual destructor will cause undefined behavior [-Wdelete-non-virtual-dtor]
     delete base[index];
                      ^
src\sensors\base\sensor-module.cpp: In member function 'void SensorModule::clearModules()':
src\sensors\base\sensor-module.cpp:91:22: warning: deleting object of abstract class type 'BaseSens' 
which has non-virtual destructor will cause undefined behavior [-Wdelete-non-virtual-dtor]
         delete base[i];
                      ^
src\sensors\base\sensor-module.cpp: In member function 'void SensorModule::setModule(uint8_t, BaseSens*)':
src\sensors\base\sensor-module.cpp:104:22: warning: deleting object of abstract class type 'BaseSens' 
which has non-virtual destructor will cause undefined behavior [-Wdelete-non-virtual-dtor]
     delete base[index];
                      ^
avr-g++ -o .pio\build\uno\lib43c\Servo\sam\Servo.cpp.o -c -fno-exceptions -fno-threadsafe-statics -fpermissive -std=gnu++11 -mmcu=atmega328p -Os -Wall -ffunction-sections -fdata-sections -flto -DPLATFORMIO=60111 -DARDUINO_AVR_UNO -DF_CPU=16000000L -DARDUINO_ARCH_AVR -DARDUINO=10808 -I.pio\libdeps\uno\Servo\src -IC:\Users\Brainless\.platformio\packages\framework-arduino-avr\cores\arduino -IC:\Users\Brainless\.platformio\packages\framework-arduino-avr\variants\standard .pio\libdeps\uno\Servo\src\sam\Servo.cpp
avr-g++ -o .pio\build\uno\lib43c\Servo\samd\Servo.cpp.o -c -fno-exceptions -fno-threadsafe-statics -fpermissive -std=gnu++11 -mmcu=atmega328p -Os -Wall -ffunction-sections -fdata-sections -flto -DPLATFORMIO=60111 -DARDUINO_AVR_UNO -DF_CPU=16000000L -DARDUINO_ARCH_AVR -DARDUINO=10808 -I.pio\libdeps\uno\Servo\src -IC:\Users\Brainless\.platformio\packages\framework-arduino-avr\cores\arduino -IC:\Users\Brainless\.platformio\packages\framework-arduino-avr\variants\standard .pio\libdeps\uno\Servo\src\samd\Servo.cpp
avr-g++ -o .pio\build\uno\lib43c\Servo\stm32f4\Servo.cpp.o -c -fno-exceptions -fno-threadsafe-statics -fpermissive -std=gnu++11 -mmcu=atmega328p -Os -Wall -ffunction-sections -fdata-sections -flto -DPLATFORMIO=60111 -DARDUINO_AVR_UNO -DF_CPU=16000000L -DARDUINO_ARCH_AVR -DARDUINO=10808 -I.pio\libdeps\uno\Servo\src -IC:\Users\Brainless\.platformio\packages\framework-arduino-avr\cores\arduino -IC:\Users\Brainless\.platformio\packages\framework-arduino-avr\variants\standard .pio\libdeps\uno\Servo\src\stm32f4\Servo.cpp
avr-g++ -o .pio\build\uno\lib86a\Wire\Wire.cpp.o -c -fno-exceptions -fno-threadsafe-statics -fpermissive -std=gnu++11 -mmcu=atmega328p -Os -Wall -ffunction-sections -fdata-sections -flto -DPLATFORMIO=60111 -DARDUINO_AVR_UNO -DF_CPU=16000000L -DARDUINO_ARCH_AVR -DARDUINO=10808 -IC:\Users\Brainless\.platformio\packages\framework-arduino-avr\libraries\Wire\src -IC:\Users\Brainless\.platformio\packages\framework-arduino-avr\cores\arduino -IC:\Users\Brainless\.platformio\packages\framework-arduino-avr\variants\standard C:\Users\Brainless\.platformio\packages\framework-arduino-avr\libraries\Wire\src\Wire.cpp
avr-gcc -o .pio\build\uno\lib86a\Wire\utility\twi.c.o -c -std=gnu11 -fno-fat-lto-objects -mmcu=atmega328p -Os -Wall -ffunction-sections -fdata-sections -flto -DPLATFORMIO=60111 -DARDUINO_AVR_UNO -DF_CPU=16000000L -DARDUINO_ARCH_AVR -DARDUINO=10808 -IC:\Users\Brainless\.platformio\packages\framework-arduino-avr\libraries\Wire\src -IC:\Users\Brainless\.platformio\packages\framework-arduino-avr\cores\arduino -IC:\Users\Brainless\.platformio\packages\framework-arduino-avr\variants\standard C:\Users\Brainless\.platformio\packages\framework-arduino-avr\libraries\Wire\src\utility\twi.c
avr-g++ -o ".pio\build\uno\lib443\Adafruit Unified Sensor\Adafruit_Sensor.cpp.o" -c -fno-exceptions -fno-threadsafe-statics -fpermissive -std=gnu++11 -mmcu=atmega328p -Os -Wall -ffunction-sections -fdata-sections -flto -DPLATFORMIO=60111 -DARDUINO_AVR_UNO -DF_CPU=16000000L -DARDUINO_ARCH_AVR -DARDUINO=10808 "-I.pio\libdeps\uno\Adafruit Unified Sensor" -IC:\Users\Brainless\.platformio\packages\framework-arduino-avr\cores\arduino -IC:\Users\Brainless\.platformio\packages\framework-arduino-avr\variants\standard ".pio\libdeps\uno\Adafruit Unified Sensor\Adafruit_Sensor.cpp"
avr-g++ -o ".pio\build\uno\lib4a9\DHT sensor library\DHT.cpp.o" -c -fno-exceptions -fno-threadsafe-statics -fpermissive -std=gnu++11 -mmcu=atmega328p -Os -Wall -ffunction-sections -fdata-sections -flto -DPLATFORMIO=60111 -DARDUINO_AVR_UNO -DF_CPU=16000000L -DARDUINO_ARCH_AVR -DARDUINO=10808 "-I.pio\libdeps\uno\DHT sensor library" "-I.pio\libdeps\uno\Adafruit Unified Sensor" -IC:\Users\Brainless\.platformio\packages\framework-arduino-avr\cores\arduino -IC:\Users\Brainless\.platformio\packages\framework-arduino-avr\variants\standard ".pio\libdeps\uno\DHT sensor library\DHT.cpp"
avr-g++ -o ".pio\build\uno\lib4a9\DHT sensor library\DHT_U.cpp.o" -c -fno-exceptions -fno-threadsafe-statics -fpermissive -std=gnu++11 -mmcu=atmega328p -Os -Wall -ffunction-sections -fdata-sections -flto -DPLATFORMIO=60111 -DARDUINO_AVR_UNO -DF_CPU=16000000L -DARDUINO_ARCH_AVR -DARDUINO=10808 "-I.pio\libdeps\uno\DHT sensor library" "-I.pio\libdeps\uno\Adafruit Unified Sensor" -IC:\Users\Brainless\.platformio\packages\framework-arduino-avr\cores\arduino -IC:\Users\Brainless\.platformio\packages\framework-arduino-avr\variants\standard ".pio\libdeps\uno\DHT sensor library\DHT_U.cpp"
avr-g++ -o .pio\build\uno\libb55\SPI\SPI.cpp.o -c -fno-exceptions -fno-threadsafe-statics -fpermissive -std=gnu++11 -mmcu=atmega328p -Os -Wall -ffunction-sections -fdata-sections -flto -DPLATFORMIO=60111 -DARDUINO_AVR_UNO -DF_CPU=16000000L -DARDUINO_ARCH_AVR -DARDUINO=10808 -IC:\Users\Brainless\.platformio\packages\framework-arduino-avr\libraries\SPI\src -IC:\Users\Brainless\.platformio\packages\framework-arduino-avr\cores\arduino -IC:\Users\Brainless\.platformio\packages\framework-arduino-avr\variants\standard C:\Users\Brainless\.platformio\packages\framework-arduino-avr\libraries\SPI\src\SPI.cpp
avr-g++ -o ".pio\build\uno\liba9f\Adafruit BusIO\Adafruit_BusIO_Register.cpp.o" -c -fno-exceptions -fno-threadsafe-statics -fpermissive -std=gnu++11 -mmcu=atmega328p -Os -Wall -ffunction-sections -fdata-sections -flto -DPLATFORMIO=60111 -DARDUINO_AVR_UNO -DF_CPU=16000000L -DARDUINO_ARCH_AVR -DARDUINO=10808 "-I.pio\libdeps\uno\Adafruit BusIO" -IC:\Users\Brainless\.platformio\packages\framework-arduino-avr\libraries\SPI\src -IC:\Users\Brainless\.platformio\packages\framework-arduino-avr\libraries\Wire\src -IC:\Users\Brainless\.platformio\packages\framework-arduino-avr\cores\arduino -IC:\Users\Brainless\.platformio\packages\framework-arduino-avr\variants\standard ".pio\libdeps\uno\Adafruit BusIO\Adafruit_BusIO_Register.cpp"
avr-g++ -o ".pio\build\uno\liba9f\Adafruit BusIO\Adafruit_I2CDevice.cpp.o" -c -fno-exceptions -fno-threadsafe-statics -fpermissive -std=gnu++11 -mmcu=atmega328p -Os -Wall -ffunction-sections -fdata-sections -flto -DPLATFORMIO=60111 -DARDUINO_AVR_UNO -DF_CPU=16000000L -DARDUINO_ARCH_AVR -DARDUINO=10808 "-I.pio\libdeps\uno\Adafruit BusIO" -IC:\Users\Brainless\.platformio\packages\framework-arduino-avr\libraries\SPI\src -IC:\Users\Brainless\.platformio\packages\framework-arduino-avr\libraries\Wire\src -IC:\Users\Brainless\.platformio\packages\framework-arduino-avr\cores\arduino -IC:\Users\Brainless\.platformio\packages\framework-arduino-avr\variants\standard ".pio\libdeps\uno\Adafruit BusIO\Adafruit_I2CDevice.cpp"
avr-g++ -o ".pio\build\uno\liba9f\Adafruit BusIO\Adafruit_SPIDevice.cpp.o" -c -fno-exceptions -fno-threadsafe-statics -fpermissive -std=gnu++11 -mmcu=atmega328p -Os -Wall -ffunction-sections -fdata-sections -flto -DPLATFORMIO=60111 -DARDUINO_AVR_UNO -DF_CPU=16000000L -DARDUINO_ARCH_AVR -DARDUINO=10808 "-I.pio\libdeps\uno\Adafruit BusIO" -IC:\Users\Brainless\.platformio\packages\framework-arduino-avr\libraries\SPI\src -IC:\Users\Brainless\.platformio\packages\framework-arduino-avr\libraries\Wire\src -IC:\Users\Brainless\.platformio\packages\framework-arduino-avr\cores\arduino -IC:\Users\Brainless\.platformio\packages\framework-arduino-avr\variants\standard ".pio\libdeps\uno\Adafruit BusIO\Adafruit_SPIDevice.cpp"
avr-gcc-ar rc .pio\build\uno\lib43c\libServo.a .pio\build\uno\lib43c\Servo\avr\Servo.cpp.o .pio\build\uno\lib43c\Servo\mbed\Servo.cpp.o .pio\build\uno\lib43c\Servo\megaavr\Servo.cpp.o .pio\build\uno\lib43c\Servo\nrf52\Servo.cpp.o .pio\build\uno\lib43c\Servo\renesas\Servo.cpp.o .pio\build\uno\lib43c\Servo\sam\Servo.cpp.o .pio\build\uno\lib43c\Servo\samd\Servo.cpp.o .pio\build\uno\lib43c\Servo\stm32f4\Servo.cpp.o
avr-g++ -o ".pio\build\uno\libf10\Adafruit GFX Library\Adafruit_GFX.cpp.o" -c -fno-exceptions -fno-threadsafe-statics -fpermissive -std=gnu++11 -mmcu=atmega328p -Os -Wall -ffunction-sections -fdata-sections -flto -DPLATFORMIO=60111 -DARDUINO_AVR_UNO -DF_CPU=16000000L -DARDUINO_ARCH_AVR -DARDUINO=10808 "-I.pio\libdeps\uno\Adafruit GFX Library" "-I.pio\libdeps\uno\Adafruit BusIO" -IC:\Users\Brainless\.platformio\packages\framework-arduino-avr\libraries\SPI\src -IC:\Users\Brainless\.platformio\packages\framework-arduino-avr\libraries\Wire\src -IC:\Users\Brainless\.platformio\packages\framework-arduino-avr\cores\arduino -IC:\Users\Brainless\.platformio\packages\framework-arduino-avr\variants\standard ".pio\libdeps\uno\Adafruit GFX Library\Adafruit_GFX.cpp"
avr-g++ -o ".pio\build\uno\libf10\Adafruit GFX Library\Adafruit_GrayOLED.cpp.o" -c -fno-exceptions -fno-threadsafe-statics -fpermissive -std=gnu++11 -mmcu=atmega328p -Os -Wall -ffunction-sections -fdata-sections -flto -DPLATFORMIO=60111 -DARDUINO_AVR_UNO -DF_CPU=16000000L -DARDUINO_ARCH_AVR -DARDUINO=10808 "-I.pio\libdeps\uno\Adafruit GFX Library" "-I.pio\libdeps\uno\Adafruit BusIO" -IC:\Users\Brainless\.platformio\packages\framework-arduino-avr\libraries\SPI\src -IC:\Users\Brainless\.platformio\packages\framework-arduino-avr\libraries\Wire\src -IC:\Users\Brainless\.platformio\packages\framework-arduino-avr\cores\arduino -IC:\Users\Brainless\.platformio\packages\framework-arduino-avr\variants\standard ".pio\libdeps\uno\Adafruit GFX Library\Adafruit_GrayOLED.cpp"
avr-gcc-ar rc ".pio\build\uno\lib443\libAdafruit Unified Sensor.a" ".pio\build\uno\lib443\Adafruit Unified Sensor\Adafruit_Sensor.cpp.o"
avr-gcc-ar rc .pio\build\uno\lib86a\libWire.a .pio\build\uno\lib86a\Wire\Wire.cpp.o .pio\build\uno\lib86a\Wire\utility\twi.c.o
avr-g++ -o ".pio\build\uno\libf10\Adafruit GFX Library\Adafruit_SPITFT.cpp.o" -c -fno-exceptions -fno-threadsafe-statics -fpermissive -std=gnu++11 -mmcu=atmega328p -Os -Wall -ffunction-sections -fdata-sections -flto -DPLATFORMIO=60111 -DARDUINO_AVR_UNO -DF_CPU=16000000L -DARDUINO_ARCH_AVR -DARDUINO=10808 "-I.pio\libdeps\uno\Adafruit GFX Library" "-I.pio\libdeps\uno\Adafruit BusIO" -IC:\Users\Brainless\.platformio\packages\framework-arduino-avr\libraries\SPI\src -IC:\Users\Brainless\.platformio\packages\framework-arduino-avr\libraries\Wire\src -IC:\Users\Brainless\.platformio\packages\framework-arduino-avr\cores\arduino -IC:\Users\Brainless\.platformio\packages\framework-arduino-avr\variants\standard ".pio\libdeps\uno\Adafruit GFX Library\Adafruit_SPITFT.cpp"
avr-gcc -o ".pio\build\uno\libf10\Adafruit GFX Library\glcdfont.c.o" -c -std=gnu11 -fno-fat-lto-objects -mmcu=atmega328p -Os -Wall -ffunction-sections -fdata-sections -flto -DPLATFORMIO=60111 -DARDUINO_AVR_UNO -DF_CPU=16000000L -DARDUINO_ARCH_AVR -DARDUINO=10808 "-I.pio\libdeps\uno\Adafruit GFX Library" "-I.pio\libdeps\uno\Adafruit BusIO" -IC:\Users\Brainless\.platformio\packages\framework-arduino-avr\libraries\SPI\src -IC:\Users\Brainless\.platformio\packages\framework-arduino-avr\libraries\Wire\src -IC:\Users\Brainless\.platformio\packages\framework-arduino-avr\cores\arduino -IC:\Users\Brainless\.platformio\packages\framework-arduino-avr\variants\standard ".pio\libdeps\uno\Adafruit GFX Library\glcdfont.c"
avr-gcc-ar rc .pio\build\uno\libb55\libSPI.a .pio\build\uno\libb55\SPI\SPI.cpp.o
avr-g++ -o ".pio\build\uno\lib941\Adafruit SH110X\Adafruit_SH1106G.cpp.o" -c -fno-exceptions -fno-threadsafe-statics -fpermissive -std=gnu++11 -mmcu=atmega328p -Os -Wall -ffunction-sections -fdata-sections -flto -DPLATFORMIO=60111 -DARDUINO_AVR_UNO -DF_CPU=16000000L -DARDUINO_ARCH_AVR -DARDUINO=10808 "-I.pio\libdeps\uno\Adafruit SH110X" "-I.pio\libdeps\uno\Adafruit GFX Library" "-I.pio\libdeps\uno\Adafruit BusIO" -IC:\Users\Brainless\.platformio\packages\framework-arduino-avr\libraries\SPI\src -IC:\Users\Brainless\.platformio\packages\framework-arduino-avr\libraries\Wire\src -IC:\Users\Brainless\.platformio\packages\framework-arduino-avr\cores\arduino -IC:\Users\Brainless\.platformio\packages\framework-arduino-avr\variants\standard ".pio\libdeps\uno\Adafruit SH110X\Adafruit_SH1106G.cpp"
avr-gcc-ar rc ".pio\build\uno\liba9f\libAdafruit BusIO.a" ".pio\build\uno\liba9f\Adafruit BusIO\Adafruit_BusIO_Register.cpp.o" ".pio\build\uno\liba9f\Adafruit BusIO\Adafruit_I2CDevice.cpp.o" ".pio\build\uno\liba9f\Adafruit BusIO\Adafruit_SPIDevice.cpp.o"
avr-gcc-ar rc ".pio\build\uno\lib4a9\libDHT sensor library.a" ".pio\build\uno\lib4a9\DHT sensor library\DHT.cpp.o" ".pio\build\uno\lib4a9\DHT sensor library\DHT_U.cpp.o"
avr-g++ -o ".pio\build\uno\lib941\Adafruit SH110X\Adafruit_SH1107.cpp.o" -c -fno-exceptions -fno-threadsafe-statics -fpermissive -std=gnu++11 -mmcu=atmega328p -Os -Wall -ffunction-sections -fdata-sections -flto -DPLATFORMIO=60111 -DARDUINO_AVR_UNO -DF_CPU=16000000L -DARDUINO_ARCH_AVR -DARDUINO=10808 "-I.pio\libdeps\uno\Adafruit SH110X" "-I.pio\libdeps\uno\Adafruit GFX Library" "-I.pio\libdeps\uno\Adafruit BusIO" -IC:\Users\Brainless\.platformio\packages\framework-arduino-avr\libraries\SPI\src -IC:\Users\Brainless\.platformio\packages\framework-arduino-avr\libraries\Wire\src -IC:\Users\Brainless\.platformio\packages\framework-arduino-avr\cores\arduino -IC:\Users\Brainless\.platformio\packages\framework-arduino-avr\variants\standard ".pio\libdeps\uno\Adafruit SH110X\Adafruit_SH1107.cpp"
avr-g++ -o ".pio\build\uno\lib941\Adafruit SH110X\Adafruit_SH110X.cpp.o" -c -fno-exceptions -fno-threadsafe-statics -fpermissive -std=gnu++11 -mmcu=atmega328p -Os -Wall -ffunction-sections -fdata-sections -flto -DPLATFORMIO=60111 -DARDUINO_AVR_UNO -DF_CPU=16000000L -DARDUINO_ARCH_AVR -DARDUINO=10808 "-I.pio\libdeps\uno\Adafruit SH110X" "-I.pio\libdeps\uno\Adafruit GFX Library" "-I.pio\libdeps\uno\Adafruit BusIO" -IC:\Users\Brainless\.platformio\packages\framework-arduino-avr\libraries\SPI\src -IC:\Users\Brainless\.platformio\packages\framework-arduino-avr\libraries\Wire\src -IC:\Users\Brainless\.platformio\packages\framework-arduino-avr\cores\arduino -IC:\Users\Brainless\.platformio\packages\framework-arduino-avr\variants\standard ".pio\libdeps\uno\Adafruit SH110X\Adafruit_SH110X.cpp"
avr-g++ -o ".pio\build\uno\lib9bf\Adafruit AHTX0\Adafruit_AHTX0.cpp.o" -c -fno-exceptions -fno-threadsafe-statics -fpermissive -std=gnu++11 -mmcu=atmega328p -Os -Wall -ffunction-sections -fdata-sections -flto -DPLATFORMIO=60111 -DARDUINO_AVR_UNO -DF_CPU=16000000L -DARDUINO_ARCH_AVR -DARDUINO=10808 "-I.pio\libdeps\uno\Adafruit AHTX0" "-I.pio\libdeps\uno\Adafruit Unified Sensor" "-I.pio\libdeps\uno\Adafruit BusIO" -IC:\Users\Brainless\.platformio\packages\framework-arduino-avr\libraries\SPI\src -IC:\Users\Brainless\.platformio\packages\framework-arduino-avr\libraries\Wire\src -IC:\Users\Brainless\.platformio\packages\framework-arduino-avr\cores\arduino -IC:\Users\Brainless\.platformio\packages\framework-arduino-avr\variants\standard ".pio\libdeps\uno\Adafruit AHTX0\Adafruit_AHTX0.cpp"
avr-g++ -o ".pio\build\uno\lib046\PCF8574 library\PCF8574.cpp.o" -c -fno-exceptions -fno-threadsafe-statics -fpermissive -std=gnu++11 -mmcu=atmega328p -Os -Wall -ffunction-sections -fdata-sections -flto -DPLATFORMIO=60111 -DARDUINO_AVR_UNO -DF_CPU=16000000L -DARDUINO_ARCH_AVR -DARDUINO=10808 "-I.pio\libdeps\uno\PCF8574 library" -IC:\Users\Brainless\.platformio\packages\framework-arduino-avr\libraries\Wire\src -IC:\Users\Brainless\.platformio\packages\framework-arduino-avr\cores\arduino -IC:\Users\Brainless\.platformio\packages\framework-arduino-avr\variants\standard ".pio\libdeps\uno\PCF8574 library\PCF8574.cpp"
avr-g++ -o .pio\build\uno\libbc2\LoRa\LoRa.cpp.o -c -fno-exceptions -fno-threadsafe-statics -fpermissive -std=gnu++11 -mmcu=atmega328p -Os -Wall -ffunction-sections -fdata-sections -flto -DPLATFORMIO=60111 -DARDUINO_AVR_UNO -DF_CPU=16000000L -DARDUINO_ARCH_AVR -DARDUINO=10808 -I.pio\libdeps\uno\LoRa\src -IC:\Users\Brainless\.platformio\packages\framework-arduino-avr\libraries\SPI\src -IC:\Users\Brainless\.platformio\packages\framework-arduino-avr\cores\arduino -IC:\Users\Brainless\.platformio\packages\framework-arduino-avr\variants\standard .pio\libdeps\uno\LoRa\src\LoRa.cpp
avr-g++ -o .pio\build\uno\lib2dd\LiquidCrystal_I2C\LiquidCrystal_I2C.cpp.o -c -fno-exceptions -fno-threadsafe-statics -fpermissive -std=gnu++11 -mmcu=atmega328p -Os -Wall -ffunction-sections -fdata-sections -flto -DPLATFORMIO=60111 -DARDUINO_AVR_UNO -DF_CPU=16000000L -DARDUINO_ARCH_AVR -DARDUINO=10808 -I.pio\libdeps\uno\LiquidCrystal_I2C -IC:\Users\Brainless\.platformio\packages\framework-arduino-avr\libraries\Wire\src -IC:\Users\Brainless\.platformio\packages\framework-arduino-avr\cores\arduino -IC:\Users\Brainless\.platformio\packages\framework-arduino-avr\variants\standard .pio\libdeps\uno\LiquidCrystal_I2C\LiquidCrystal_I2C.cpp
avr-g++ -o .pio\build\uno\lib2c1\HX711\HX711.cpp.o -c -fno-exceptions -fno-threadsafe-statics -fpermissive -std=gnu++11 -mmcu=atmega328p -Os -Wall -ffunction-sections -fdata-sections -flto -DPLATFORMIO=60111 -DARDUINO_AVR_UNO -DF_CPU=16000000L -DARDUINO_ARCH_AVR -DARDUINO=10808 -I.pio\libdeps\uno\HX711\src -IC:\Users\Brainless\.platformio\packages\framework-arduino-avr\cores\arduino -IC:\Users\Brainless\.platformio\packages\framework-arduino-avr\variants\standard .pio\libdeps\uno\HX711\src\HX711.cpp
avr-g++ -o .pio\build\uno\lib66b\SoftwareSerial\SoftwareSerial.cpp.o -c -fno-exceptions -fno-threadsafe-statics -fpermissive -std=gnu++11 -mmcu=atmega328p -Os -Wall -ffunction-sections -fdata-sections -flto -DPLATFORMIO=60111 -DARDUINO_AVR_UNO -DF_CPU=16000000L -DARDUINO_ARCH_AVR -DARDUINO=10808 -IC:\Users\Brainless\.platformio\packages\framework-arduino-avr\libraries\SoftwareSerial\src -IC:\Users\Brainless\.platformio\packages\framework-arduino-avr\cores\arduino -IC:\Users\Brainless\.platformio\packages\framework-arduino-avr\variants\standard C:\Users\Brainless\.platformio\packages\framework-arduino-avr\libraries\SoftwareSerial\src\SoftwareSerial.cpp
avr-gcc-ar rc .pio\build\uno\libFrameworkArduinoVariant.a
avr-g++ -o .pio\build\uno\FrameworkArduino\CDC.cpp.o -c -fno-exceptions -fno-threadsafe-statics -fpermissive -std=gnu++11 -mmcu=atmega328p -Os -Wall -ffunction-sections -fdata-sections -flto -DPLATFORMIO=60111 -DARDUINO_AVR_UNO -DF_CPU=16000000L -DARDUINO_ARCH_AVR -DARDUINO=10808 -IC:\Users\Brainless\.platformio\packages\framework-arduino-avr\cores\arduino -IC:\Users\Brainless\.platformio\packages\framework-arduino-avr\variants\standard C:\Users\Brainless\.platformio\packages\framework-arduino-avr\cores\arduino\CDC.cpp
avr-g++ -o .pio\build\uno\FrameworkArduino\HardwareSerial.cpp.o -c -fno-exceptions -fno-threadsafe-statics -fpermissive -std=gnu++11 -mmcu=atmega328p -Os -Wall -ffunction-sections -fdata-sections -flto -DPLATFORMIO=60111 -DARDUINO_AVR_UNO -DF_CPU=16000000L -DARDUINO_ARCH_AVR -DARDUINO=10808 -IC:\Users\Brainless\.platformio\packages\framework-arduino-avr\cores\arduino -IC:\Users\Brainless\.platformio\packages\framework-arduino-avr\variants\standard C:\Users\Brainless\.platformio\packages\framework-arduino-avr\cores\arduino\HardwareSerial.cpp
avr-g++ -o .pio\build\uno\FrameworkArduino\HardwareSerial0.cpp.o -c -fno-exceptions -fno-threadsafe-statics -fpermissive -std=gnu++11 -mmcu=atmega328p -Os -Wall -ffunction-sections -fdata-sections -flto -DPLATFORMIO=60111 -DARDUINO_AVR_UNO -DF_CPU=16000000L -DARDUINO_ARCH_AVR -DARDUINO=10808 -IC:\Users\Brainless\.platformio\packages\framework-arduino-avr\cores\arduino -IC:\Users\Brainless\.platformio\packages\framework-arduino-avr\variants\standard C:\Users\Brainless\.platformio\packages\framework-arduino-avr\cores\arduino\HardwareSerial0.cpp
avr-g++ -o .pio\build\uno\FrameworkArduino\HardwareSerial1.cpp.o -c -fno-exceptions -fno-threadsafe-statics -fpermissive -std=gnu++11 -mmcu=atmega328p -Os -Wall -ffunction-sections -fdata-sections -flto -DPLATFORMIO=60111 -DARDUINO_AVR_UNO -DF_CPU=16000000L -DARDUINO_ARCH_AVR -DARDUINO=10808 -IC:\Users\Brainless\.platformio\packages\framework-arduino-avr\cores\arduino -IC:\Users\Brainless\.platformio\packages\framework-arduino-avr\variants\standard C:\Users\Brainless\.platformio\packages\framework-arduino-avr\cores\arduino\HardwareSerial1.cpp
avr-gcc-ar rc ".pio\build\uno\lib046\libPCF8574 library.a" ".pio\build\uno\lib046\PCF8574 library\PCF8574.cpp.o"
avr-gcc-ar rc ".pio\build\uno\lib9bf\libAdafruit AHTX0.a" ".pio\build\uno\lib9bf\Adafruit AHTX0\Adafruit_AHTX0.cpp.o"
avr-gcc-ar rc ".pio\build\uno\lib941\libAdafruit SH110X.a" ".pio\build\uno\lib941\Adafruit SH110X\Adafruit_SH1106G.cpp.o" ".pio\build\uno\lib941\Adafruit SH110X\Adafruit_SH1107.cpp.o" ".pio\build\uno\lib941\Adafruit SH110X\Adafruit_SH110X.cpp.o"
avr-gcc-ar rc ".pio\build\uno\libf10\libAdafruit GFX Library.a" ".pio\build\uno\libf10\Adafruit GFX Library\Adafruit_GFX.cpp.o" ".pio\build\uno\libf10\Adafruit GFX Library\Adafruit_GrayOLED.cpp.o" ".pio\build\uno\libf10\Adafruit GFX Library\Adafruit_SPITFT.cpp.o" ".pio\build\uno\libf10\Adafruit GFX Library\glcdfont.c.o"
avr-gcc-ar rc .pio\build\uno\lib2dd\libLiquidCrystal_I2C.a .pio\build\uno\lib2dd\LiquidCrystal_I2C\LiquidCrystal_I2C.cpp.o
avr-gcc-ar rc .pio\build\uno\lib2c1\libHX711.a .pio\build\uno\lib2c1\HX711\HX711.cpp.o
avr-gcc-ar rc .pio\build\uno\libbc2\libLoRa.a .pio\build\uno\libbc2\LoRa\LoRa.cpp.o
avr-gcc-ar rc .pio\build\uno\lib66b\libSoftwareSerial.a .pio\build\uno\lib66b\SoftwareSerial\SoftwareSerial.cpp.o
avr-g++ -o .pio\build\uno\FrameworkArduino\HardwareSerial2.cpp.o -c -fno-exceptions -fno-threadsafe-statics -fpermissive -std=gnu++11 -mmcu=atmega328p -Os -Wall -ffunction-sections -fdata-sections -flto -DPLATFORMIO=60111 -DARDUINO_AVR_UNO -DF_CPU=16000000L -DARDUINO_ARCH_AVR -DARDUINO=10808 -IC:\Users\Brainless\.platformio\packages\framework-arduino-avr\cores\arduino -IC:\Users\Brainless\.platformio\packages\framework-arduino-avr\variants\standard C:\Users\Brainless\.platformio\packages\framework-arduino-avr\cores\arduino\HardwareSerial2.cpp
avr-g++ -o .pio\build\uno\FrameworkArduino\HardwareSerial3.cpp.o -c -fno-exceptions -fno-threadsafe-statics -fpermissive -std=gnu++11 -mmcu=atmega328p -Os -Wall -ffunction-sections -fdata-sections -flto -DPLATFORMIO=60111 -DARDUINO_AVR_UNO -DF_CPU=16000000L -DARDUINO_ARCH_AVR -DARDUINO=10808 -IC:\Users\Brainless\.platformio\packages\framework-arduino-avr\cores\arduino -IC:\Users\Brainless\.platformio\packages\framework-arduino-avr\variants\standard C:\Users\Brainless\.platformio\packages\framework-arduino-avr\cores\arduino\HardwareSerial3.cpp
avr-g++ -o .pio\build\uno\FrameworkArduino\IPAddress.cpp.o -c -fno-exceptions -fno-threadsafe-statics -fpermissive -std=gnu++11 -mmcu=atmega328p -Os -Wall -ffunction-sections -fdata-sections -flto -DPLATFORMIO=60111 -DARDUINO_AVR_UNO -DF_CPU=16000000L -DARDUINO_ARCH_AVR -DARDUINO=10808 -IC:\Users\Brainless\.platformio\packages\framework-arduino-avr\cores\arduino -IC:\Users\Brainless\.platformio\packages\framework-arduino-avr\variants\standard C:\Users\Brainless\.platformio\packages\framework-arduino-avr\cores\arduino\IPAddress.cpp
avr-g++ -o .pio\build\uno\FrameworkArduino\PluggableUSB.cpp.o -c -fno-exceptions -fno-threadsafe-statics -fpermissive -std=gnu++11 -mmcu=atmega328p -Os -Wall -ffunction-sections -fdata-sections -flto -DPLATFORMIO=60111 -DARDUINO_AVR_UNO -DF_CPU=16000000L -DARDUINO_ARCH_AVR -DARDUINO=10808 -IC:\Users\Brainless\.platformio\packages\framework-arduino-avr\cores\arduino -IC:\Users\Brainless\.platformio\packages\framework-arduino-avr\variants\standard C:\Users\Brainless\.platformio\packages\framework-arduino-avr\cores\arduino\PluggableUSB.cpp
avr-g++ -o .pio\build\uno\FrameworkArduino\Print.cpp.o -c -fno-exceptions -fno-threadsafe-statics -fpermissive -std=gnu++11 -mmcu=atmega328p -Os -Wall -ffunction-sections -fdata-sections -flto -DPLATFORMIO=60111 -DARDUINO_AVR_UNO -DF_CPU=16000000L -DARDUINO_ARCH_AVR -DARDUINO=10808 -IC:\Users\Brainless\.platformio\packages\framework-arduino-avr\cores\arduino -IC:\Users\Brainless\.platformio\packages\framework-arduino-avr\variants\standard C:\Users\Brainless\.platformio\packages\framework-arduino-avr\cores\arduino\Print.cpp
avr-g++ -o .pio\build\uno\FrameworkArduino\Stream.cpp.o -c -fno-exceptions -fno-threadsafe-statics -fpermissive -std=gnu++11 -mmcu=atmega328p -Os -Wall -ffunction-sections -fdata-sections -flto -DPLATFORMIO=60111 -DARDUINO_AVR_UNO -DF_CPU=16000000L -DARDUINO_ARCH_AVR -DARDUINO=10808 -IC:\Users\Brainless\.platformio\packages\framework-arduino-avr\cores\arduino -IC:\Users\Brainless\.platformio\packages\framework-arduino-avr\variants\standard C:\Users\Brainless\.platformio\packages\framework-arduino-avr\cores\arduino\Stream.cpp
avr-g++ -o .pio\build\uno\FrameworkArduino\Tone.cpp.o -c -fno-exceptions -fno-threadsafe-statics -fpermissive -std=gnu++11 -mmcu=atmega328p -Os -Wall -ffunction-sections -fdata-sections -flto -DPLATFORMIO=60111 -DARDUINO_AVR_UNO -DF_CPU=16000000L -DARDUINO_ARCH_AVR -DARDUINO=10808 -IC:\Users\Brainless\.platformio\packages\framework-arduino-avr\cores\arduino -IC:\Users\Brainless\.platformio\packages\framework-arduino-avr\variants\standard C:\Users\Brainless\.platformio\packages\framework-arduino-avr\cores\arduino\Tone.cpp
avr-g++ -o .pio\build\uno\FrameworkArduino\USBCore.cpp.o -c -fno-exceptions -fno-threadsafe-statics -fpermissive -std=gnu++11 -mmcu=atmega328p -Os -Wall -ffunction-sections -fdata-sections -flto -DPLATFORMIO=60111 -DARDUINO_AVR_UNO -DF_CPU=16000000L -DARDUINO_ARCH_AVR -DARDUINO=10808 -IC:\Users\Brainless\.platformio\packages\framework-arduino-avr\cores\arduino -IC:\Users\Brainless\.platformio\packages\framework-arduino-avr\variants\standard C:\Users\Brainless\.platformio\packages\framework-arduino-avr\cores\arduino\USBCore.cpp
avr-gcc -o .pio\build\uno\FrameworkArduino\WInterrupts.c.o -c -std=gnu11 -fno-fat-lto-objects -mmcu=atmega328p -Os -Wall -ffunction-sections -fdata-sections -flto -DPLATFORMIO=60111 -DARDUINO_AVR_UNO -DF_CPU=16000000L -DARDUINO_ARCH_AVR -DARDUINO=10808 -IC:\Users\Brainless\.platformio\packages\framework-arduino-avr\cores\arduino -IC:\Users\Brainless\.platformio\packages\framework-arduino-avr\variants\standard C:\Users\Brainless\.platformio\packages\framework-arduino-avr\cores\arduino\WInterrupts.c
avr-g++ -o .pio\build\uno\FrameworkArduino\WMath.cpp.o -c -fno-exceptions -fno-threadsafe-statics -fpermissive -std=gnu++11 -mmcu=atmega328p -Os -Wall -ffunction-sections -fdata-sections -flto -DPLATFORMIO=60111 -DARDUINO_AVR_UNO -DF_CPU=16000000L -DARDUINO_ARCH_AVR -DARDUINO=10808 -IC:\Users\Brainless\.platformio\packages\framework-arduino-avr\cores\arduino -IC:\Users\Brainless\.platformio\packages\framework-arduino-avr\variants\standard C:\Users\Brainless\.platformio\packages\framework-arduino-avr\cores\arduino\WMath.cpp
avr-g++ -o .pio\build\uno\FrameworkArduino\WString.cpp.o -c -fno-exceptions -fno-threadsafe-statics -fpermissive -std=gnu++11 -mmcu=atmega328p -Os -Wall -ffunction-sections -fdata-sections -flto -DPLATFORMIO=60111 -DARDUINO_AVR_UNO -DF_CPU=16000000L -DARDUINO_ARCH_AVR -DARDUINO=10808 -IC:\Users\Brainless\.platformio\packages\framework-arduino-avr\cores\arduino -IC:\Users\Brainless\.platformio\packages\framework-arduino-avr\variants\standard C:\Users\Brainless\.platformio\packages\framework-arduino-avr\cores\arduino\WString.cpp
avr-g++ -o .pio\build\uno\FrameworkArduino\abi.cpp.o -c -fno-exceptions -fno-threadsafe-statics -fpermissive -std=gnu++11 -mmcu=atmega328p -Os -Wall -ffunction-sections -fdata-sections -flto -DPLATFORMIO=60111 -DARDUINO_AVR_UNO -DF_CPU=16000000L -DARDUINO_ARCH_AVR -DARDUINO=10808 -IC:\Users\Brainless\.platformio\packages\framework-arduino-avr\cores\arduino -IC:\Users\Brainless\.platformio\packages\framework-arduino-avr\variants\standard C:\Users\Brainless\.platformio\packages\framework-arduino-avr\cores\arduino\abi.cpp
avr-gcc -o .pio\build\uno\FrameworkArduino\hooks.c.o -c -std=gnu11 -fno-fat-lto-objects -mmcu=atmega328p -Os -Wall -ffunction-sections -fdata-sections -flto -DPLATFORMIO=60111 -DARDUINO_AVR_UNO -DF_CPU=16000000L -DARDUINO_ARCH_AVR -DARDUINO=10808 -IC:\Users\Brainless\.platformio\packages\framework-arduino-avr\cores\arduino -IC:\Users\Brainless\.platformio\packages\framework-arduino-avr\variants\standard C:\Users\Brainless\.platformio\packages\framework-arduino-avr\cores\arduino\hooks.c
avr-g++ -o .pio\build\uno\FrameworkArduino\main.cpp.o -c -fno-exceptions -fno-threadsafe-statics -fpermissive -std=gnu++11 -mmcu=atmega328p -Os -Wall -ffunction-sections -fdata-sections -flto -DPLATFORMIO=60111 -DARDUINO_AVR_UNO -DF_CPU=16000000L -DARDUINO_ARCH_AVR -DARDUINO=10808 -IC:\Users\Brainless\.platformio\packages\framework-arduino-avr\cores\arduino -IC:\Users\Brainless\.platformio\packages\framework-arduino-avr\variants\standard C:\Users\Brainless\.platformio\packages\framework-arduino-avr\cores\arduino\main.cpp
avr-g++ -o .pio\build\uno\FrameworkArduino\new.cpp.o -c -fno-exceptions -fno-threadsafe-statics -fpermissive -std=gnu++11 -mmcu=atmega328p -Os -Wall -ffunction-sections -fdata-sections -flto -DPLATFORMIO=60111 -DARDUINO_AVR_UNO -DF_CPU=16000000L -DARDUINO_ARCH_AVR -DARDUINO=10808 -IC:\Users\Brainless\.platformio\packages\framework-arduino-avr\cores\arduino -IC:\Users\Brainless\.platformio\packages\framework-arduino-avr\variants\standard C:\Users\Brainless\.platformio\packages\framework-arduino-avr\cores\arduino\new.cpp
avr-gcc -o .pio\build\uno\FrameworkArduino\wiring.c.o -c -std=gnu11 -fno-fat-lto-objects -mmcu=atmega328p -Os -Wall -ffunction-sections -fdata-sections -flto -DPLATFORMIO=60111 -DARDUINO_AVR_UNO -DF_CPU=16000000L -DARDUINO_ARCH_AVR -DARDUINO=10808 -IC:\Users\Brainless\.platformio\packages\framework-arduino-avr\cores\arduino -IC:\Users\Brainless\.platformio\packages\framework-arduino-avr\variants\standard C:\Users\Brainless\.platformio\packages\framework-arduino-avr\cores\arduino\wiring.c
avr-gcc -o .pio\build\uno\FrameworkArduino\wiring_analog.c.o -c -std=gnu11 -fno-fat-lto-objects -mmcu=atmega328p -Os -Wall -ffunction-sections -fdata-sections -flto -DPLATFORMIO=60111 -DARDUINO_AVR_UNO -DF_CPU=16000000L -DARDUINO_ARCH_AVR -DARDUINO=10808 -IC:\Users\Brainless\.platformio\packages\framework-arduino-avr\cores\arduino -IC:\Users\Brainless\.platformio\packages\framework-arduino-avr\variants\standard C:\Users\Brainless\.platformio\packages\framework-arduino-avr\cores\arduino\wiring_analog.c
avr-gcc -o .pio\build\uno\FrameworkArduino\wiring_digital.c.o -c -std=gnu11 -fno-fat-lto-objects -mmcu=atmega328p -Os -Wall -ffunction-sections -fdata-sections -flto -DPLATFORMIO=60111 -DARDUINO_AVR_UNO -DF_CPU=16000000L -DARDUINO_ARCH_AVR -DARDUINO=10808 -IC:\Users\Brainless\.platformio\packages\framework-arduino-avr\cores\arduino -IC:\Users\Brainless\.platformio\packages\framework-arduino-avr\variants\standard C:\Users\Brainless\.platformio\packages\framework-arduino-avr\cores\arduino\wiring_digital.c
avr-gcc -mmcu=atmega328p -x assembler-with-cpp -DPLATFORMIO=60111 -DARDUINO_AVR_UNO -DF_CPU=16000000L -DARDUINO_ARCH_AVR -DARDUINO=10808 -IC:\Users\Brainless\.platformio\packages\framework-arduino-avr\cores\arduino -IC:\Users\Brainless\.platformio\packages\framework-arduino-avr\variants\standard -c -o .pio\build\uno\FrameworkArduino\wiring_pulse.S.o C:\Users\Brainless\.platformio\packages\framework-arduino-avr\cores\arduino\wiring_pulse.S
avr-gcc -o .pio\build\uno\FrameworkArduino\wiring_pulse.c.o -c -std=gnu11 -fno-fat-lto-objects -mmcu=atmega328p -Os -Wall -ffunction-sections -fdata-sections -flto -DPLATFORMIO=60111 -DARDUINO_AVR_UNO -DF_CPU=16000000L -DARDUINO_ARCH_AVR -DARDUINO=10808 -IC:\Users\Brainless\.platformio\packages\framework-arduino-avr\cores\arduino -IC:\Users\Brainless\.platformio\packages\framework-arduino-avr\variants\standard C:\Users\Brainless\.platformio\packages\framework-arduino-avr\cores\arduino\wiring_pulse.c
avr-gcc -o .pio\build\uno\FrameworkArduino\wiring_shift.c.o -c -std=gnu11 -fno-fat-lto-objects -mmcu=atmega328p -Os -Wall -ffunction-sections -fdata-sections -flto -DPLATFORMIO=60111 -DARDUINO_AVR_UNO -DF_CPU=16000000L -DARDUINO_ARCH_AVR -DARDUINO=10808 -IC:\Users\Brainless\.platformio\packages\framework-arduino-avr\cores\arduino -IC:\Users\Brainless\.platformio\packages\framework-arduino-avr\variants\standard C:\Users\Brainless\.platformio\packages\framework-arduino-avr\cores\arduino\wiring_shift.c
avr-gcc-ar rc .pio\build\uno\libFrameworkArduino.a .pio\build\uno\FrameworkArduino\CDC.cpp.o .pio\build\uno\FrameworkArduino\HardwareSerial.cpp.o .pio\build\uno\FrameworkArduino\HardwareSerial0.cpp.o .pio\build\uno\FrameworkArduino\HardwareSerial1.cpp.o .pio\build\uno\FrameworkArduino\HardwareSerial2.cpp.o .pio\build\uno\FrameworkArduino\HardwareSerial3.cpp.o .pio\build\uno\FrameworkArduino\IPAddress.cpp.o .pio\build\uno\FrameworkArduino\PluggableUSB.cpp.o .pio\build\uno\FrameworkArduino\Print.cpp.o .pio\build\uno\FrameworkArduino\Stream.cpp.o .pio\build\uno\FrameworkArduino\Tone.cpp.o .pio\build\uno\FrameworkArduino\USBCore.cpp.o .pio\build\uno\FrameworkArduino\WInterrupts.c.o .pio\build\uno\FrameworkArduino\WMath.cpp.o .pio\build\uno\FrameworkArduino\WString.cpp.o .pio\build\uno\FrameworkArduino\abi.cpp.o .pio\build\uno\FrameworkArduino\hooks.c.o .pio\build\uno\FrameworkArduino\main.cpp.o .pio\build\uno\FrameworkArduino\new.cpp.o .pio\build\uno\FrameworkArduino\wiring.c.o .pio\build\uno\FrameworkArduino\wiring_analog.c.o .pio\build\uno\FrameworkArduino\wiring_digital.c.o .pio\build\uno\FrameworkArduino\wiring_pulse.S.o .pio\build\uno\FrameworkArduino\wiring_pulse.c.o .pio\build\uno\FrameworkArduino\wiring_shift.c.o
avr-g++ -o .pio\build\uno\firmware.elf -mmcu=atmega328p -Os -Wl,--gc-sections -flto -fuse-linker-plugin .pio\build\uno\src\Kadita.cpp.o .pio\build\uno\src\modules\communication\wired\i2c\i2c-scanner.cpp.o .pio\build\uno\src\modules\communication\wired\i2c\io-expander.cpp.o .pio\build\uno\src\modules\communication\wired\serial\hard-serial.cpp.o .pio\build\uno\src\modules\communication\wired\serial\soft-serial.cpp.o .pio\build\uno\src\modules\communication\wireless\lora\lora-com.cpp.o .pio\build\uno\src\modules\driver\bts7960\bts7960.cpp.o .pio\build\uno\src\modules\io\input-module.cpp.o .pio\build\uno\src\modules\io\output-module.cpp.o .pio\build\uno\src\modules\time\timer-duration.cpp.o .pio\build\uno\src\modules\time\timer-task.cpp.o .pio\build\uno\src\sensors\abstract-sens.cpp.o .pio\build\uno\src\sensors\addons\sensor-debug.cpp.o .pio\build\uno\src\sensors\addons\sensor-filter.cpp.o .pio\build\uno\src\sensors\aht-sens.cpp.o .pio\build\uno\src\sensors\base\sensor-module.cpp.o .pio\build\uno\src\sensors\dht-sens.cpp.o .pio\build\uno\src\sensors\hx711-sens.cpp.o .pio\build\uno\src\sensors\ldr-sens.cpp.o -L.pio\build\uno -Wl,--start-group .pio\build\uno\lib43c\libServo.a .pio\build\uno\lib86a\libWire.a ".pio\build\uno\lib443\libAdafruit Unified Sensor.a" ".pio\build\uno\lib4a9\libDHT sensor library.a" .pio\build\uno\libb55\libSPI.a ".pio\build\uno\liba9f\libAdafruit BusIO.a" ".pio\build\uno\libf10\libAdafruit GFX Library.a" ".pio\build\uno\lib941\libAdafruit SH110X.a" ".pio\build\uno\lib9bf\libAdafruit AHTX0.a" ".pio\build\uno\lib046\libPCF8574 library.a" .pio\build\uno\libbc2\libLoRa.a .pio\build\uno\lib2dd\libLiquidCrystal_I2C.a .pio\build\uno\lib2c1\libHX711.a .pio\build\uno\lib66b\libSoftwareSerial.a .pio\build\uno\libFrameworkArduinoVariant.a .pio\build\uno\libFrameworkArduino.a -lm -Wl,--end-group
C:\Users\BRAINL~1\AppData\Local\Temp\ccSLOPKD.ltrans0.ltrans.o: In function `main':
<artificial>:(.text.startup+0x13c): undefined reference to `setup'
<artificial>:(.text.startup+0x144): undefined reference to `loop'
collect2.exe: error: ld returned 1 exit status
*** [.pio\build\uno\firmware.elf] Error 1
========================== [FAILED] Took 4.62 seconds ==========================
